\BOOKMARK [1][-]{section*.4}{\376\377\000V\000i\000s\000\343\000o}{}% 1
\BOOKMARK [1][-]{section*.5}{\376\377\000V\000a\000l\000o\000r\000e\000s}{}% 2
\BOOKMARK [-1][-]{section*.9}{\376\377\000S\000e\000r\000v\000i\000\347\000o\000s\000\040\000\340\000p\000e\000s\000s\000o\000a\000\040\000f\000i\000s\000i\000c\000a}{}% 3
\BOOKMARK [0][-]{chapter*.10}{\376\377\000I\000n\000s\000c\000r\000i\000\347\000\343\000o\000\040\000p\000r\000o\000f\000i\000s\000s\000i\000o\000n\000a\000l\000\040\000d\000e\000\040\000p\000e\000s\000s\000o\000a\000\040\000f\000\355\000s\000i\000c\000a}{section*.9}% 4
\BOOKMARK [1][-]{section*.11}{\376\377\000O\000\040\000q\000u\000e\000\040\000\351\000?}{chapter*.10}% 5
\BOOKMARK [1][-]{section*.12}{\376\377\000Q\000u\000e\000m\000\040\000d\000e\000v\000e\000\040\000s\000e\000\040\000i\000n\000s\000c\000r\000e\000v\000e\000r\000?}{chapter*.10}% 6
\BOOKMARK [1][-]{section*.13}{\376\377\000C\000o\000m\000o\000\040\000s\000o\000l\000i\000c\000i\000t\000a\000r\000\040\000o\000\040\000s\000e\000r\000v\000i\000\347\000o\000?}{chapter*.10}% 7
\BOOKMARK [1][-]{section*.14}{\376\377\000Q\000u\000e\000\040\000i\000n\000f\000o\000r\000m\000a\000\347\000\365\000e\000s\000\040\000o\000u\000\040\000d\000o\000c\000u\000m\000e\000n\000t\000o\000s\000\040\000s\000\343\000o\000\040\000n\000e\000c\000e\000s\000s\000\341\000r\000i\000o\000s\000?}{chapter*.10}% 8
\BOOKMARK [1][-]{section*.15}{\376\377\000Q\000u\000a\000i\000s\000\040\000s\000\343\000o\000\040\000a\000s\000\040\000e\000t\000a\000p\000a\000s\000\040\000p\000a\000r\000a\000\040\000a\000\040\000r\000e\000a\000l\000i\000z\000a\000\347\000\343\000o\000\040\000d\000e\000s\000s\000e\000\040\000s\000e\000r\000v\000i\000\347\000o\000?}{chapter*.10}% 9
\BOOKMARK [1][-]{section*.16}{\376\377\000Q\000u\000a\000n\000t\000o\000\040\000c\000u\000s\000t\000a\000?}{chapter*.10}% 10
\BOOKMARK [1][-]{section*.17}{\376\377\000Q\000u\000a\000n\000t\000o\000\040\000t\000e\000m\000p\000o\000\040\000l\000e\000v\000a\000?}{chapter*.10}% 11
\BOOKMARK [1][-]{section*.18}{\376\377\000C\000o\000m\000o\000\040\000t\000e\000r\000\040\000a\000c\000e\000s\000s\000o\000\040\000a\000o\000\040\000a\000t\000u\000a\000l\000\040\000s\000t\000a\000t\000u\000s\000\040\000d\000o\000\040\000s\000e\000r\000v\000i\000\347\000o\000?}{chapter*.10}% 12
\BOOKMARK [1][-]{section*.19}{\376\377\000L\000e\000g\000i\000s\000l\000a\000\347\000\343\000o\000\040\000r\000e\000l\000a\000c\000i\000o\000n\000a\000d\000a}{chapter*.10}% 13
\BOOKMARK [1][-]{section*.20}{\376\377\000S\000e\000r\000v\000i\000\347\000o\000s\000\040\000c\000o\000r\000r\000e\000l\000a\000t\000o\000s}{chapter*.10}% 14
\BOOKMARK [0][-]{chapter*.21}{\376\377\000E\000n\000t\000r\000e\000g\000a\000\040\000d\000a\000\040\000c\000a\000r\000t\000e\000i\000r\000a\000\040\000d\000e\000\040\000i\000d\000e\000n\000t\000i\000d\000a\000d\000e\000\040\000p\000r\000o\000f\000i\000s\000s\000i\000o\000n\000a\000l\000\040\000\050\000C\000I\000P\000\051}{section*.9}% 15
\BOOKMARK [0][-]{chapter*.22}{\376\377\000A\000l\000t\000e\000r\000a\000\347\000\343\000o\000\040\000d\000e\000\040\000i\000n\000s\000c\000r\000i\000\347\000\343\000o\000\040\000p\000r\000o\000v\000i\000s\000\363\000r\000i\000a\000\040\000p\000a\000r\000a\000\040\000d\000e\000f\000i\000n\000i\000t\000i\000v\000a}{section*.9}% 16
\BOOKMARK [0][-]{chapter*.23}{\376\377\000E\000m\000i\000s\000s\000\343\000o\000\040\000d\000e\000\040\0002\000\252\000\040\000v\000i\000a\000\040\000d\000e\000\040\000C\000I\000P}{section*.9}% 17
\BOOKMARK [0][-]{chapter*.24}{\376\377\000S\000o\000l\000i\000c\000i\000t\000a\000\347\000\343\000o\000\040\000d\000e\000\040\000r\000e\000g\000i\000s\000t\000r\000o\000\040\000d\000e\000\040\000e\000s\000p\000e\000c\000i\000a\000l\000i\000s\000t\000a}{section*.9}% 18
\BOOKMARK [0][-]{chapter*.25}{\376\377\000I\000n\000s\000c\000r\000i\000\347\000\343\000o\000\040\000s\000e\000c\000u\000n\000d\000\341\000r\000i\000a}{section*.9}% 19
\BOOKMARK [0][-]{chapter*.26}{\376\377\000T\000r\000a\000n\000s\000f\000e\000r\000\352\000n\000c\000i\000a\000\040\000d\000o\000\040\000r\000e\000g\000i\000s\000t\000r\000o\000\040\000p\000r\000o\000f\000i\000s\000s\000i\000o\000n\000a\000l}{section*.9}% 20
\BOOKMARK [0][-]{chapter*.27}{\376\377\000C\000a\000n\000c\000e\000l\000a\000m\000e\000n\000t\000o\000\040\000d\000e\000\040\000r\000e\000g\000i\000s\000t\000r\000o\000\040\000p\000r\000o\000f\000i\000s\000s\000i\000o\000n\000a\000l}{section*.9}% 21
\BOOKMARK [0][-]{chapter*.28}{\376\377\000R\000e\000a\000t\000i\000v\000a\000\347\000\343\000o\000\040\000d\000e\000\040\000r\000e\000g\000i\000s\000t\000r\000o\000\040\000p\000r\000o\000f\000i\000s\000s\000i\000o\000n\000a\000l}{section*.9}% 22
\BOOKMARK [0][-]{chapter*.29}{\376\377\000R\000e\000s\000s\000a\000r\000c\000i\000m\000e\000n\000t\000o\000\040\000d\000e\000\040\000p\000a\000g\000a\000m\000e\000n\000t\000o}{section*.9}% 23
\BOOKMARK [0][-]{chapter*.30}{\376\377\000S\000o\000l\000i\000c\000i\000t\000a\000\347\000\343\000o\000\040\000d\000e\000\040\000i\000s\000e\000n\000\347\000\343\000o\000\040\000e\000\040\000i\000n\000t\000e\000r\000r\000u\000p\000\347\000\343\000o\000\040\000t\000e\000m\000p\000o\000r\000\341\000r\000i\000a\000\040\000d\000e\000\040\000a\000n\000u\000i\000d\000a\000d\000e\000s}{section*.9}% 24
\BOOKMARK [0][-]{chapter*.31}{\376\377\000E\000m\000i\000s\000s\000\343\000o\000\040\000d\000e\000\040\000d\000e\000c\000l\000a\000r\000a\000\347\000\365\000e\000s}{section*.9}% 25
\BOOKMARK [-1][-]{section*.33}{\376\377\000S\000e\000r\000v\000i\000\347\000o\000s\000\040\000\340\000p\000e\000s\000s\000o\000a\000\040\000j\000u\000r\000\355\000d\000i\000c\000a}{}% 26
\BOOKMARK [0][-]{chapter*.34}{\376\377\000I\000n\000s\000c\000r\000i\000\347\000\343\000o\000\040\000p\000r\000o\000f\000i\000s\000s\000i\000o\000n\000a\000l\000\040\000d\000e\000\040\000p\000e\000s\000s\000o\000a\000\040\000j\000u\000r\000\355\000d\000i\000c\000a}{section*.33}% 27
\BOOKMARK [0][-]{chapter*.35}{\376\377\000R\000e\000n\000o\000v\000a\000\347\000\343\000o\000\040\000d\000o\000\040\000c\000e\000r\000t\000i\000f\000i\000c\000a\000d\000o\000\040\000d\000e\000\040\000l\000i\000c\000e\000n\000\347\000a}{section*.33}% 28
\BOOKMARK [0][-]{chapter*.36}{\376\377\000A\000l\000t\000e\000r\000a\000\347\000\343\000o\000\040\000c\000o\000n\000t\000r\000a\000t\000u\000a\000l}{section*.33}% 29
\BOOKMARK [0][-]{chapter*.37}{\376\377\000C\000a\000n\000c\000e\000l\000a\000m\000e\000n\000t\000o\000\040\000d\000e\000\040\000i\000n\000s\000c\000r\000i\000\347\000\343\000o}{section*.33}% 30
\BOOKMARK [0][-]{chapter*.38}{\376\377\000S\000o\000l\000i\000c\000i\000t\000a\000\347\000\343\000o\000\040\000d\000e\000\040\000i\000s\000e\000n\000\347\000\343\000o\000\040\000d\000e\000\040\000a\000n\000u\000i\000d\000a\000d\000e}{section*.33}% 31
\BOOKMARK [0][-]{chapter*.39}{\376\377\000A\000l\000t\000e\000r\000a\000\347\000\343\000o\000,\000\040\000s\000u\000b\000s\000t\000i\000t\000u\000i\000\347\000\343\000o\000\040\000e\000/\000o\000u\000\040\000i\000n\000c\000l\000u\000s\000\343\000o\000\040\000d\000e\000\040\000R\000e\000s\000p\000o\000n\000s\000\341\000v\000e\000l\000\040\000T\000\351\000c\000n\000i\000c\000a\000/\000o}{section*.33}% 32
\BOOKMARK [0][-]{chapter*.40}{\376\377\000B\000a\000i\000x\000a\000\040\000d\000e\000\040\000r\000e\000s\000p\000o\000n\000s\000a\000b\000i\000l\000i\000d\000a\000d\000e\000\040\000t\000\351\000c\000n\000i\000c\000a}{section*.33}% 33
\BOOKMARK [-1][-]{section*.42}{\376\377\000S\000e\000r\000v\000i\000\347\000o\000s\000\040\000d\000e\000o\000r\000i\000e\000n\000t\000a\000\347\000\343\000o\000\040\000e\000\040\000f\000i\000s\000c\000a\000l\000i\000z\000a\000\347\000\343\000o}{}% 34
\BOOKMARK [0][-]{chapter*.43}{\376\377\000A\000c\000e\000s\000s\000o\000\040\000\340\000s\000\040\000p\000u\000b\000l\000i\000c\000a\000\347\000\365\000e\000s\000\040\000o\000r\000i\000e\000n\000t\000a\000t\000i\000v\000a\000s}{section*.42}% 35
\BOOKMARK [0][-]{chapter*.44}{\376\377\000O\000r\000i\000e\000n\000t\000a\000\347\000\365\000e\000s\000\040\000s\000o\000b\000r\000e\000\040\000o\000\040\000C\000\363\000d\000i\000g\000o\000\040\000d\000e\000\040\000\311\000t\000i\000c\000a\000\040\000e\000\040\000l\000e\000g\000i\000s\000l\000a\000\347\000\343\000o\000\040\000p\000r\000o\000f\000i\000s\000s\000i\000o\000n\000a\000l}{section*.42}% 36
\BOOKMARK [0][-]{chapter*.45}{\376\377\000C\000o\000n\000s\000u\000l\000t\000a\000\040\000d\000e\000\040\000l\000e\000g\000i\000s\000l\000a\000\347\000\343\000o\000\040\000p\000r\000o\000f\000i\000s\000s\000i\000o\000n\000a\000l}{section*.42}% 37
\BOOKMARK [0][-]{chapter*.46}{\376\377\000A\000p\000r\000e\000s\000e\000n\000t\000a\000\347\000\343\000o\000\040\000d\000e\000\040\000q\000u\000e\000i\000x\000a}{section*.42}% 38
\BOOKMARK [0][-]{chapter*.47}{\376\377\000R\000e\000p\000r\000e\000s\000e\000n\000t\000a\000\347\000\343\000o}{section*.42}% 39
\BOOKMARK [0][-]{chapter*.48}{\376\377\000O\000r\000i\000e\000n\000t\000a\000\347\000\343\000o\000/\000f\000i\000s\000c\000a\000l\000i\000z\000a\000\347\000\343\000o\000\040\000d\000e\000\040\000p\000e\000s\000s\000o\000a\000s\000\040\000j\000u\000r\000\355\000d\000i\000c\000a\000s\000\040\000r\000e\000c\000\351\000m\000-\000i\000n\000s\000c\000r\000i\000t\000a\000s}{section*.42}% 40
\BOOKMARK [-1][-]{section*.50}{\376\377\000F\000o\000r\000m\000u\000l\000\341\000r\000i\000o\000s}{}% 41
