\BOOKMARK [0][-]{chapter*.1}{\376\377\000A\000p\000r\000e\000s\000e\000n\000t\000a\000\347\000\343\000o\000\040\000d\000a\000\040\0002\000\252\000\040\000e\000d\000i\000\347\000\343\000o}{}% 1
\BOOKMARK [0][-]{chapter*.2}{\376\377\000A\000p\000r\000e\000s\000e\000n\000t\000a\000\347\000\343\000o\000\040\000d\000a\000\040\0001\000\252\000\040\000e\000d\000i\000\347\000\343\000o}{}% 2
\BOOKMARK [0][-]{chapter.1}{\376\377\000D\000o\000s\000\040\000o\000b\000j\000e\000t\000i\000v\000o\000s\000\040\000e\000\040\000r\000e\000s\000p\000o\000n\000s\000a\000b\000i\000l\000i\000d\000a\000d\000e\000s}{}% 3
\BOOKMARK [1][-]{section.1.1}{\376\377\000D\000o\000s\000\040\000o\000b\000j\000e\000t\000i\000v\000o\000s}{chapter.1}% 4
\BOOKMARK [1][-]{section.1.2}{\376\377\000D\000a\000s\000\040\000r\000e\000s\000p\000o\000n\000s\000a\000b\000i\000l\000i\000d\000a\000d\000e\000s}{chapter.1}% 5
\BOOKMARK [0][-]{chapter.2}{\376\377\000D\000a\000\040\000g\000r\000a\000v\000a\000\347\000\343\000o\000\040\000d\000a\000s\000\040\000r\000e\000u\000n\000i\000\365\000e\000s}{}% 6
\BOOKMARK [0][-]{chapter.3}{\376\377\000D\000o\000\040\000m\000o\000n\000i\000t\000o\000r\000a\000m\000e\000n\000t\000o\000\040\000e\000\040\000d\000a\000\040\000a\000u\000d\000i\000t\000o\000r\000i\000a}{}% 7
\BOOKMARK [1][-]{section.3.1}{\376\377\000E\000t\000a\000p\000a\000s}{chapter.3}% 8
\BOOKMARK [0][-]{chapter.4}{\376\377\000D\000a\000\040\000U\000n\000i\000d\000a\000d\000e\000\040\000A\000d\000m\000i\000n\000i\000s\000t\000r\000a\000t\000i\000v\000a\000\040\000d\000e\000\040\000T\000e\000c\000n\000o\000l\000o\000g\000i\000a\000\040\000d\000a\000\040\000I\000n\000f\000o\000r\000m\000a\000\347\000\343\000o\000\040\000e\000\040\000C\000o\000m\000u\000n\000i\000c\000a\000\347\000\343\000o\000\040\000\050\000T\000I\000C\000\051\000\040\000d\000o\000\040\000C\000R\000P\000-\0000\0006}{}% 9
\BOOKMARK [1][-]{section.4.1}{\376\377\000D\000o\000\040\000G\000r\000u\000p\000o\000\040\000G\000e\000s\000t\000o\000r\000\040\000d\000a\000\040\000T\000e\000c\000n\000o\000l\000o\000g\000i\000a\000\040\000d\000a\000\040\000I\000n\000f\000o\000r\000m\000a\000\347\000\343\000o\000\040\000e\000\040\000C\000o\000m\000u\000n\000i\000c\000a\000\347\000\343\000o}{chapter.4}% 10
\BOOKMARK [1][-]{section.4.2}{\376\377\000D\000a\000\040\000U\000n\000i\000d\000a\000d\000e\000\040\000A\000d\000m\000i\000n\000i\000s\000t\000r\000a\000t\000i\000v\000a\000\040\000d\000e\000\040\000T\000e\000c\000n\000o\000l\000o\000g\000i\000a\000\040\000d\000a\000\040\000I\000n\000f\000o\000r\000m\000a\000\347\000\343\000o}{chapter.4}% 11
\BOOKMARK [0][-]{chapter.5}{\376\377\000D\000a\000s\000\040\000n\000o\000r\000m\000a\000s\000\040\000d\000e\000\040\000c\000o\000n\000t\000r\000o\000l\000e\000\040\000d\000e\000\040\000a\000c\000e\000s\000s\000o}{}% 12
\BOOKMARK [0][-]{chapter.6}{\376\377\000D\000o\000s\000\040\000r\000e\000c\000u\000r\000s\000o\000s\000\040\000t\000e\000c\000n\000o\000l\000\363\000g\000i\000c\000o\000s\000\040\000\050\000c\000o\000m\000p\000u\000t\000a\000d\000o\000r\000e\000s\000,\000\040\000n\000o\000t\000e\000b\000o\000o\000k\000s\000,\000\040\000c\000e\000l\000u\000l\000a\000r\000e\000s\000,\000\040\000t\000a\000b\000l\000e\000t\000s\000\051}{}% 13
\BOOKMARK [0][-]{chapter.7}{\376\377\000D\000o\000\040\000c\000o\000r\000r\000e\000i\000o\000\040\000e\000l\000e\000t\000r\000\364\000n\000i\000c\000o\000\040\040\024\000\040\000e\000-\000m\000a\000i\000l}{}% 14
\BOOKMARK [0][-]{chapter.8}{\376\377\000D\000o\000\040\000u\000s\000o\000\040\000d\000a\000\040\000i\000n\000t\000e\000r\000n\000e\000t}{}% 15
\BOOKMARK [0][-]{chapter.9}{\376\377\000D\000o\000s\000\040\000d\000i\000s\000p\000o\000s\000i\000t\000i\000v\000o\000s\000\040\000m\000\363\000v\000e\000i\000s\000\040\000i\000n\000s\000t\000i\000t\000u\000c\000i\000o\000n\000a\000i\000s}{}% 16
\BOOKMARK [1][-]{section.9.1}{\376\377\000D\000a\000\040\000t\000e\000l\000e\000f\000o\000n\000i\000a\000\040\000m\000\363\000v\000e\000l}{chapter.9}% 17
\BOOKMARK [0][-]{chapter.10}{\376\377\000D\000o\000\040\000b\000a\000c\000k\000u\000p}{}% 18
\BOOKMARK [0][-]{chapter.11}{\376\377\000D\000a\000s\000\040\000d\000i\000s\000p\000o\000s\000i\000\347\000\365\000e\000s\000\040\000f\000i\000n\000a\000i\000s}{}% 19
\BOOKMARK [0][-]{chapter*.4}{\376\377\000D\000o\000\040\000a\000r\000m\000a\000z\000e\000n\000a\000m\000e\000n\000t\000o\000\040\000e\000m\000\040\000n\000u\000v\000e\000m\000\040\040\024\000\040\000N\000e\000x\000t\000c\000l\000o\000u\000d}{}% 20
\BOOKMARK [1][-]{section*.5}{\376\377\000V\000i\000s\000u\000a\000l\000i\000z\000a\000r\000\040\000a\000r\000q\000u\000i\000v\000o\000s}{chapter*.4}% 21
\BOOKMARK [1][-]{section*.6}{\376\377\000N\000a\000v\000e\000g\000a\000n\000d\000o\000\040\000d\000e\000n\000t\000r\000o\000\040\000d\000o\000\040\000N\000e\000x\000t\000c\000l\000o\000u\000d}{chapter*.4}% 22
\BOOKMARK [1][-]{section*.7}{\376\377\000\315\000c\000o\000n\000e\000s\000\040\000d\000e\000\040\000s\000t\000a\000t\000u\000s\000\040\000d\000o\000\040\000c\000o\000m\000p\000a\000r\000t\000i\000l\000h\000a\000m\000e\000n\000t\000o}{chapter*.4}% 23
\BOOKMARK [1][-]{section*.8}{\376\377\000S\000e\000l\000e\000c\000i\000o\000n\000a\000n\000d\000o\000\040\000a\000r\000q\000u\000i\000v\000o\000s\000\040\000o\000u\000\040\000p\000a\000s\000t\000a\000s}{chapter*.4}% 24
\BOOKMARK [1][-]{section*.9}{\376\377\000F\000i\000l\000t\000r\000a\000n\000d\000o\000\040\000a\000\040\000v\000i\000s\000u\000a\000l\000i\000z\000a\000\347\000\343\000o\000\040\000d\000e\000\040\000a\000r\000q\000u\000i\000v\000o\000s}{chapter*.4}% 25
\BOOKMARK [1][-]{section*.10}{\376\377\000T\000o\000d\000o\000s\000\040\000o\000s\000\040\000a\000r\000q\000u\000i\000v\000o\000s}{chapter*.4}% 26
\BOOKMARK [1][-]{section*.11}{\376\377\000F\000a\000v\000o\000r\000i\000t\000o\000s}{chapter*.4}% 27
\BOOKMARK [1][-]{section*.12}{\376\377\000C\000o\000m\000p\000a\000r\000t\000i\000l\000h\000a\000d\000o\000\040\000c\000o\000m\000\040\000v\000o\000c\000\352}{chapter*.4}% 28
\BOOKMARK [1][-]{section*.13}{\376\377\000C\000o\000m\000p\000a\000r\000t\000i\000l\000h\000a\000d\000o\000\040\000c\000o\000m\000\040\000o\000u\000t\000r\000a\000s\000\040\000p\000e\000s\000s\000o\000a\000s}{chapter*.4}% 29
\BOOKMARK [1][-]{section*.14}{\376\377\000C\000o\000m\000p\000a\000r\000t\000i\000l\000h\000a\000d\000o\000\040\000p\000o\000r\000\040\000l\000i\000n\000k}{chapter*.4}% 30
\BOOKMARK [1][-]{section*.15}{\376\377\000M\000o\000v\000e\000n\000d\000o\000\040\000a\000r\000q\000u\000i\000v\000o\000s}{chapter*.4}% 31
\BOOKMARK [0][-]{chapter*.16}{\376\377\000D\000o\000s\000\040\000p\000r\000o\000d\000u\000t\000o\000s\000\040\000G\000o\000o\000g\000l\000e}{}% 32
\BOOKMARK [1][-]{section*.17}{\376\377\000D\000o\000c\000s}{chapter*.16}% 33
\BOOKMARK [1][-]{section*.18}{\376\377\000D\000r\000i\000v\000e}{chapter*.16}% 34
\BOOKMARK [1][-]{section*.19}{\376\377\000M\000e\000e\000t}{chapter*.16}% 35
\BOOKMARK [1][-]{section*.20}{\376\377\000F\000o\000r\000m\000s}{chapter*.16}% 36
\BOOKMARK [1][-]{section*.21}{\376\377\000S\000h\000e\000e\000t\000s}{chapter*.16}% 37
\BOOKMARK [1][-]{section*.22}{\376\377\000A\000g\000e\000n\000d\000a}{chapter*.16}% 38
\BOOKMARK [0][-]{chapter*.23}{\376\377\000D\000o\000s\000\040\000p\000r\000o\000d\000u\000t\000o\000s\000\040\000Z\000i\000m\000b\000r\000a\000/\000I\000n\000M\000a\000i\000l}{}% 39
\BOOKMARK [1][-]{section*.24}{\376\377\000E\000-\000m\000a\000i\000l}{chapter*.23}% 40
\BOOKMARK [1][-]{section*.25}{\376\377\000C\000h\000a\000t\000\040\000i\000n\000t\000e\000g\000r\000a\000d\000o\000\040\000c\000o\000m\000\040\000d\000i\000s\000p\000o\000s\000i\000t\000i\000v\000o\000\040\000d\000e\000\040\000m\000e\000n\000s\000a\000g\000e\000m\000\040\000i\000n\000s\000t\000a\000n\000t\000\342\000n\000e\000a\000\040\040\024\000\040\000I\000m\000M\000a\000i\000l}{chapter*.23}% 41
\BOOKMARK [1][-]{section*.26}{\376\377\000L\000i\000s\000t\000a\000\040\000d\000e\000\040\000t\000a\000r\000e\000f\000a\000s}{chapter*.23}% 42
\BOOKMARK [1][-]{section*.27}{\376\377\000C\000a\000l\000e\000n\000d\000\341\000r\000i\000o}{chapter*.23}% 43
\BOOKMARK [1][-]{section*.28}{\376\377\000P\000a\000s\000t\000a\000\040\000p\000a\000r\000a\000\040\000a\000r\000m\000a\000z\000e\000n\000a\000m\000e\000n\000t\000o\000\040\000e\000m\000\040\000n\000u\000v\000e\000m}{chapter*.23}% 44
\BOOKMARK [1][-]{section*.29}{\376\377\000P\000e\000s\000q\000u\000i\000s\000a}{chapter*.23}% 45
\BOOKMARK [1][-]{section*.30}{\376\377\000O\000u\000t\000r\000o\000s\000\040\000r\000e\000c\000u\000r\000s\000o\000s\000\040\000\050\000e\000m\000\040\000q\000u\000e\000s\000i\000t\000o\000s\000\040\000m\000a\000i\000s\000\040\000t\000\351\000c\000n\000i\000c\000o\000s\000\040\000e\000\040\000a\000d\000m\000i\000n\000i\000s\000t\000r\000a\000t\000i\000v\000o\000s\000\051}{chapter*.23}% 46
\BOOKMARK [1][-]{section*.31}{\376\377\000C\000o\000n\000t\000r\000o\000l\000e\000\040\000e\000\040\000c\000u\000s\000t\000o\000m\000i\000z\000a\000\347\000\343\000o\000\040\000t\000o\000t\000a\000l}{chapter*.23}% 47
\BOOKMARK [1][-]{section*.32}{\376\377\000A\000c\000e\000s\000s\000o\000\040\000m\000o\000b\000i\000l\000e\000\040\000e\000\040\000d\000e\000s\000k\000t\000o\000p}{chapter*.23}% 48
\BOOKMARK [1][-]{section*.33}{\376\377\000S\000e\000g\000u\000r\000a\000n\000\347\000a}{chapter*.23}% 49
\BOOKMARK [1][-]{section*.34}{\376\377\000E\000s\000t\000a\000b\000i\000l\000i\000d\000a\000d\000e}{chapter*.23}% 50
\BOOKMARK [1][-]{section*.35}{\376\377\000C\000o\000m\000p\000a\000r\000t\000i\000l\000h\000a\000m\000e\000n\000t\000o\000\040\000d\000e\000\040\000c\000a\000l\000e\000n\000d\000\341\000r\000i\000o}{chapter*.23}% 51
\BOOKMARK [1][-]{section*.36}{\376\377\000I\000n\000t\000e\000r\000f\000a\000c\000e\000\040\000i\000n\000t\000u\000i\000t\000i\000v\000a}{chapter*.23}% 52
\BOOKMARK [0][-]{chapter*.37}{\376\377\000D\000o\000s\000\040\000s\000i\000s\000t\000e\000m\000a\000s}{}% 53
\BOOKMARK [1][-]{section*.38}{\376\377\000B\000R\000C\000o\000n\000s\000e\000l\000h\000o\000s\000\040\040\024\000\040\000B\000R\000C}{chapter*.37}% 54
\BOOKMARK [1][-]{section*.39}{\376\377\000S\000i\000s\000t\000e\000m\000a\000\040\000E\000l\000e\000t\000r\000\364\000n\000i\000c\000o\000\040\000d\000e\000\040\000I\000n\000f\000o\000r\000m\000a\000\347\000\343\000o\000\040\000\050\000S\000E\000I\000!\000\051}{chapter*.37}% 55
\BOOKMARK [1][-]{section*.41}{\376\377\000S\000i\000s\000t\000e\000m\000a\000\040\000d\000e\000\040\000p\000a\000s\000s\000a\000g\000e\000n\000s\000\040\000e\000\040\000d\000i\000\341\000r\000i\000a\000s\000\040\000\050\000S\000i\000s\000p\000a\000d\000\051}{chapter*.37}% 56
